2026-02-10 04:47:40: (node:38668) [MONGOOSE] Warning: Duplicate schema index on {"phone":1} found. This is often due to declaring an index using both "index: true" and "schema.index()". Please remove the duplicate index definition.
(Use `node --trace-warnings ...` to show where the warning was created)
2026-02-10 04:47:40: (node:40204) [MONGOOSE] Warning: Duplicate schema index on {"phone":1} found. This is often due to declaring an index using both "index: true" and "schema.index()". Please remove the duplicate index definition.
(Use `node --trace-warnings ...` to show where the warning was created)
2026-02-10 04:47:40: (node:26820) [MONGOOSE] Warning: Duplicate schema index on {"phone":1} found. This is often due to declaring an index using both "index: true" and "schema.index()". Please remove the duplicate index definition.
(Use `node --trace-warnings ...` to show where the warning was created)
2026-02-10 04:47:40: (node:33248) [MONGOOSE] Warning: Duplicate schema index on {"phone":1} found. This is often due to declaring an index using both "index: true" and "schema.index()". Please remove the duplicate index definition.
(Use `node --trace-warnings ...` to show where the warning was created)
2026-02-10 04:47:40: (node:36492) [MONGOOSE] Warning: Duplicate schema index on {"phone":1} found. This is often due to declaring an index using both "index: true" and "schema.index()". Please remove the duplicate index definition.
(Use `node --trace-warnings ...` to show where the warning was created)
2026-02-10 04:47:40: (node:38668) [MONGOOSE] Warning: Duplicate schema index on {"parentId":1} found. This is often due to declaring an index using both "index: true" and "schema.index()". Please remove the duplicate index definition.
2026-02-10 04:47:40: (node:38668) [MONGOOSE] Warning: Duplicate schema index on {"parentId":1} found. This is often due to declaring an index using both "index: true" and "schema.index()". Please remove the duplicate index definition.
2026-02-10 04:47:40: (node:38668) [MONGOOSE] Warning: Duplicate schema index on {"userId":1} found. This is often due to declaring an index using both "index: true" and "schema.index()". Please remove the duplicate index definition.
2026-02-10 04:47:40: (node:38668) [MONGOOSE] Warning: Duplicate schema index on {"familyCode":1} found. This is often due to declaring an index using both "index: true" and "schema.index()". Please remove the duplicate index definition.
2026-02-10 04:47:40: (node:38668) [MONGOOSE] Warning: Duplicate schema index on {"deviceId":1} found. This is often due to declaring an index using both "index: true" and "schema.index()". Please remove the duplicate index definition.
2026-02-10 04:47:40: (node:38668) [MONGOOSE] Warning: Duplicate schema index on {"userId":1} found. This is often due to declaring an index using both "index: true" and "schema.index()". Please remove the duplicate index definition.
2026-02-10 04:47:40: (node:38668) [MONGOOSE] Warning: Duplicate schema index on {"endDate":1} found. This is often due to declaring an index using both "index: true" and "schema.index()". Please remove the duplicate index definition.
2026-02-10 04:47:40: (node:38668) [MONGOOSE] Warning: Duplicate schema index on {"category":1} found. This is often due to declaring an index using both "index: true" and "schema.index()". Please remove the duplicate index definition.
2026-02-10 04:47:40: (node:40204) [MONGOOSE] Warning: Duplicate schema index on {"parentId":1} found. This is often due to declaring an index using both "index: true" and "schema.index()". Please remove the duplicate index definition.
2026-02-10 04:47:40: (node:40204) [MONGOOSE] Warning: Duplicate schema index on {"parentId":1} found. This is often due to declaring an index using both "index: true" and "schema.index()". Please remove the duplicate index definition.
2026-02-10 04:47:40: (node:40204) [MONGOOSE] Warning: Duplicate schema index on {"userId":1} found. This is often due to declaring an index using both "index: true" and "schema.index()". Please remove the duplicate index definition.
2026-02-10 04:47:40: (node:40204) [MONGOOSE] Warning: Duplicate schema index on {"familyCode":1} found. This is often due to declaring an index using both "index: true" and "schema.index()". Please remove the duplicate index definition.
2026-02-10 04:47:40: (node:40204) [MONGOOSE] Warning: Duplicate schema index on {"deviceId":1} found. This is often due to declaring an index using both "index: true" and "schema.index()". Please remove the duplicate index definition.
2026-02-10 04:47:40: (node:40204) [MONGOOSE] Warning: Duplicate schema index on {"userId":1} found. This is often due to declaring an index using both "index: true" and "schema.index()". Please remove the duplicate index definition.
2026-02-10 04:47:40: (node:40204) [MONGOOSE] Warning: Duplicate schema index on {"endDate":1} found. This is often due to declaring an index using both "index: true" and "schema.index()". Please remove the duplicate index definition.
2026-02-10 04:47:40: (node:40204) [MONGOOSE] Warning: Duplicate schema index on {"category":1} found. This is often due to declaring an index using both "index: true" and "schema.index()". Please remove the duplicate index definition.
2026-02-10 04:47:40: (node:26820) [MONGOOSE] Warning: Duplicate schema index on {"parentId":1} found. This is often due to declaring an index using both "index: true" and "schema.index()". Please remove the duplicate index definition.
2026-02-10 04:47:40: (node:26820) [MONGOOSE] Warning: Duplicate schema index on {"parentId":1} found. This is often due to declaring an index using both "index: true" and "schema.index()". Please remove the duplicate index definition.
2026-02-10 04:47:40: (node:26820) [MONGOOSE] Warning: Duplicate schema index on {"userId":1} found. This is often due to declaring an index using both "index: true" and "schema.index()". Please remove the duplicate index definition.
2026-02-10 04:47:40: (node:26820) [MONGOOSE] Warning: Duplicate schema index on {"familyCode":1} found. This is often due to declaring an index using both "index: true" and "schema.index()". Please remove the duplicate index definition.
2026-02-10 04:47:40: (node:26820) [MONGOOSE] Warning: Duplicate schema index on {"deviceId":1} found. This is often due to declaring an index using both "index: true" and "schema.index()". Please remove the duplicate index definition.
2026-02-10 04:47:40: (node:26820) [MONGOOSE] Warning: Duplicate schema index on {"userId":1} found. This is often due to declaring an index using both "index: true" and "schema.index()". Please remove the duplicate index definition.
2026-02-10 04:47:40: (node:26820) [MONGOOSE] Warning: Duplicate schema index on {"endDate":1} found. This is often due to declaring an index using both "index: true" and "schema.index()". Please remove the duplicate index definition.
2026-02-10 04:47:40: (node:26820) [MONGOOSE] Warning: Duplicate schema index on {"category":1} found. This is often due to declaring an index using both "index: true" and "schema.index()". Please remove the duplicate index definition.
2026-02-10 04:47:40: (node:16416) [MONGOOSE] Warning: Duplicate schema index on {"phone":1} found. This is often due to declaring an index using both "index: true" and "schema.index()". Please remove the duplicate index definition.
(Use `node --trace-warnings ...` to show where the warning was created)
2026-02-10 04:47:40: (node:33248) [MONGOOSE] Warning: Duplicate schema index on {"parentId":1} found. This is often due to declaring an index using both "index: true" and "schema.index()". Please remove the duplicate index definition.
2026-02-10 04:47:40: (node:33248) [MONGOOSE] Warning: Duplicate schema index on {"parentId":1} found. This is often due to declaring an index using both "index: true" and "schema.index()". Please remove the duplicate index definition.
2026-02-10 04:47:40: (node:33248) [MONGOOSE] Warning: Duplicate schema index on {"userId":1} found. This is often due to declaring an index using both "index: true" and "schema.index()". Please remove the duplicate index definition.
2026-02-10 04:47:40: (node:33248) [MONGOOSE] Warning: Duplicate schema index on {"familyCode":1} found. This is often due to declaring an index using both "index: true" and "schema.index()". Please remove the duplicate index definition.
2026-02-10 04:47:40: (node:33248) [MONGOOSE] Warning: Duplicate schema index on {"deviceId":1} found. This is often due to declaring an index using both "index: true" and "schema.index()". Please remove the duplicate index definition.
2026-02-10 04:47:40: (node:33248) [MONGOOSE] Warning: Duplicate schema index on {"userId":1} found. This is often due to declaring an index using both "index: true" and "schema.index()". Please remove the duplicate index definition.
2026-02-10 04:47:40: (node:33248) [MONGOOSE] Warning: Duplicate schema index on {"endDate":1} found. This is often due to declaring an index using both "index: true" and "schema.index()". Please remove the duplicate index definition.
2026-02-10 04:47:40: (node:33248) [MONGOOSE] Warning: Duplicate schema index on {"category":1} found. This is often due to declaring an index using both "index: true" and "schema.index()". Please remove the duplicate index definition.
2026-02-10 04:47:40: (node:36492) [MONGOOSE] Warning: Duplicate schema index on {"parentId":1} found. This is often due to declaring an index using both "index: true" and "schema.index()". Please remove the duplicate index definition.
2026-02-10 04:47:40: (node:36492) [MONGOOSE] Warning: Duplicate schema index on {"parentId":1} found. This is often due to declaring an index using both "index: true" and "schema.index()". Please remove the duplicate index definition.
2026-02-10 04:47:40: (node:36492) [MONGOOSE] Warning: Duplicate schema index on {"userId":1} found. This is often due to declaring an index using both "index: true" and "schema.index()". Please remove the duplicate index definition.
2026-02-10 04:47:40: (node:36492) [MONGOOSE] Warning: Duplicate schema index on {"familyCode":1} found. This is often due to declaring an index using both "index: true" and "schema.index()". Please remove the duplicate index definition.
2026-02-10 04:47:40: (node:36492) [MONGOOSE] Warning: Duplicate schema index on {"deviceId":1} found. This is often due to declaring an index using both "index: true" and "schema.index()". Please remove the duplicate index definition.
2026-02-10 04:47:40: (node:36492) [MONGOOSE] Warning: Duplicate schema index on {"userId":1} found. This is often due to declaring an index using both "index: true" and "schema.index()". Please remove the duplicate index definition.
2026-02-10 04:47:40: (node:36492) [MONGOOSE] Warning: Duplicate schema index on {"endDate":1} found. This is often due to declaring an index using both "index: true" and "schema.index()". Please remove the duplicate index definition.
2026-02-10 04:47:40: (node:36492) [MONGOOSE] Warning: Duplicate schema index on {"category":1} found. This is often due to declaring an index using both "index: true" and "schema.index()". Please remove the duplicate index definition.
2026-02-10 04:47:40: (node:16416) [MONGOOSE] Warning: Duplicate schema index on {"parentId":1} found. This is often due to declaring an index using both "index: true" and "schema.index()". Please remove the duplicate index definition.
2026-02-10 04:47:40: (node:16416) [MONGOOSE] Warning: Duplicate schema index on {"parentId":1} found. This is often due to declaring an index using both "index: true" and "schema.index()". Please remove the duplicate index definition.
2026-02-10 04:47:40: (node:16416) [MONGOOSE] Warning: Duplicate schema index on {"userId":1} found. This is often due to declaring an index using both "index: true" and "schema.index()". Please remove the duplicate index definition.
2026-02-10 04:47:40: (node:16416) [MONGOOSE] Warning: Duplicate schema index on {"familyCode":1} found. This is often due to declaring an index using both "index: true" and "schema.index()". Please remove the duplicate index definition.
2026-02-10 04:47:40: (node:16416) [MONGOOSE] Warning: Duplicate schema index on {"deviceId":1} found. This is often due to declaring an index using both "index: true" and "schema.index()". Please remove the duplicate index definition.
2026-02-10 04:47:40: (node:16416) [MONGOOSE] Warning: Duplicate schema index on {"userId":1} found. This is often due to declaring an index using both "index: true" and "schema.index()". Please remove the duplicate index definition.
2026-02-10 04:47:40: (node:16416) [MONGOOSE] Warning: Duplicate schema index on {"endDate":1} found. This is often due to declaring an index using both "index: true" and "schema.index()". Please remove the duplicate index definition.
2026-02-10 04:47:40: (node:16416) [MONGOOSE] Warning: Duplicate schema index on {"category":1} found. This is often due to declaring an index using both "index: true" and "schema.index()". Please remove the duplicate index definition.
2026-02-10 04:47:41: (node:33720) [MONGOOSE] Warning: Duplicate schema index on {"phone":1} found. This is often due to declaring an index using both "index: true" and "schema.index()". Please remove the duplicate index definition.
(Use `node --trace-warnings ...` to show where the warning was created)
2026-02-10 04:47:41: (node:22452) [MONGOOSE] Warning: Duplicate schema index on {"phone":1} found. This is often due to declaring an index using both "index: true" and "schema.index()". Please remove the duplicate index definition.
(Use `node --trace-warnings ...` to show where the warning was created)
2026-02-10 04:47:41: (node:33720) [MONGOOSE] Warning: Duplicate schema index on {"parentId":1} found. This is often due to declaring an index using both "index: true" and "schema.index()". Please remove the duplicate index definition.
2026-02-10 04:47:41: (node:33720) [MONGOOSE] Warning: Duplicate schema index on {"parentId":1} found. This is often due to declaring an index using both "index: true" and "schema.index()". Please remove the duplicate index definition.
2026-02-10 04:47:41: (node:33720) [MONGOOSE] Warning: Duplicate schema index on {"userId":1} found. This is often due to declaring an index using both "index: true" and "schema.index()". Please remove the duplicate index definition.
2026-02-10 04:47:41: (node:33720) [MONGOOSE] Warning: Duplicate schema index on {"familyCode":1} found. This is often due to declaring an index using both "index: true" and "schema.index()". Please remove the duplicate index definition.
2026-02-10 04:47:41: (node:33720) [MONGOOSE] Warning: Duplicate schema index on {"deviceId":1} found. This is often due to declaring an index using both "index: true" and "schema.index()". Please remove the duplicate index definition.
2026-02-10 04:47:41: (node:33720) [MONGOOSE] Warning: Duplicate schema index on {"userId":1} found. This is often due to declaring an index using both "index: true" and "schema.index()". Please remove the duplicate index definition.
2026-02-10 04:47:41: (node:33720) [MONGOOSE] Warning: Duplicate schema index on {"endDate":1} found. This is often due to declaring an index using both "index: true" and "schema.index()". Please remove the duplicate index definition.
2026-02-10 04:47:41: (node:33720) [MONGOOSE] Warning: Duplicate schema index on {"category":1} found. This is often due to declaring an index using both "index: true" and "schema.index()". Please remove the duplicate index definition.
2026-02-10 04:47:41: (node:18048) [MONGOOSE] Warning: Duplicate schema index on {"phone":1} found. This is often due to declaring an index using both "index: true" and "schema.index()". Please remove the duplicate index definition.
(Use `node --trace-warnings ...` to show where the warning was created)
2026-02-10 04:47:41: (node:22452) [MONGOOSE] Warning: Duplicate schema index on {"parentId":1} found. This is often due to declaring an index using both "index: true" and "schema.index()". Please remove the duplicate index definition.
2026-02-10 04:47:41: (node:22452) [MONGOOSE] Warning: Duplicate schema index on {"parentId":1} found. This is often due to declaring an index using both "index: true" and "schema.index()". Please remove the duplicate index definition.
2026-02-10 04:47:41: (node:22452) [MONGOOSE] Warning: Duplicate schema index on {"userId":1} found. This is often due to declaring an index using both "index: true" and "schema.index()". Please remove the duplicate index definition.
2026-02-10 04:47:41: (node:22452) [MONGOOSE] Warning: Duplicate schema index on {"familyCode":1} found. This is often due to declaring an index using both "index: true" and "schema.index()". Please remove the duplicate index definition.
2026-02-10 04:47:41: (node:22452) [MONGOOSE] Warning: Duplicate schema index on {"deviceId":1} found. This is often due to declaring an index using both "index: true" and "schema.index()". Please remove the duplicate index definition.
2026-02-10 04:47:41: (node:22452) [MONGOOSE] Warning: Duplicate schema index on {"userId":1} found. This is often due to declaring an index using both "index: true" and "schema.index()". Please remove the duplicate index definition.
2026-02-10 04:47:41: (node:22452) [MONGOOSE] Warning: Duplicate schema index on {"endDate":1} found. This is often due to declaring an index using both "index: true" and "schema.index()". Please remove the duplicate index definition.
2026-02-10 04:47:41: (node:22452) [MONGOOSE] Warning: Duplicate schema index on {"category":1} found. This is often due to declaring an index using both "index: true" and "schema.index()". Please remove the duplicate index definition.
2026-02-10 04:47:41: (node:31200) [MONGOOSE] Warning: Duplicate schema index on {"phone":1} found. This is often due to declaring an index using both "index: true" and "schema.index()". Please remove the duplicate index definition.
(Use `node --trace-warnings ...` to show where the warning was created)
2026-02-10 04:47:41: (node:18048) [MONGOOSE] Warning: Duplicate schema index on {"parentId":1} found. This is often due to declaring an index using both "index: true" and "schema.index()". Please remove the duplicate index definition.
2026-02-10 04:47:41: (node:18048) [MONGOOSE] Warning: Duplicate schema index on {"parentId":1} found. This is often due to declaring an index using both "index: true" and "schema.index()". Please remove the duplicate index definition.
2026-02-10 04:47:41: (node:18048) [MONGOOSE] Warning: Duplicate schema index on {"userId":1} found. This is often due to declaring an index using both "index: true" and "schema.index()". Please remove the duplicate index definition.
2026-02-10 04:47:41: (node:18048) [MONGOOSE] Warning: Duplicate schema index on {"familyCode":1} found. This is often due to declaring an index using both "index: true" and "schema.index()". Please remove the duplicate index definition.
2026-02-10 04:47:41: (node:18048) [MONGOOSE] Warning: Duplicate schema index on {"deviceId":1} found. This is often due to declaring an index using both "index: true" and "schema.index()". Please remove the duplicate index definition.
2026-02-10 04:47:41: (node:18048) [MONGOOSE] Warning: Duplicate schema index on {"userId":1} found. This is often due to declaring an index using both "index: true" and "schema.index()". Please remove the duplicate index definition.
2026-02-10 04:47:41: (node:18048) [MONGOOSE] Warning: Duplicate schema index on {"endDate":1} found. This is often due to declaring an index using both "index: true" and "schema.index()". Please remove the duplicate index definition.
2026-02-10 04:47:41: (node:18048) [MONGOOSE] Warning: Duplicate schema index on {"category":1} found. This is often due to declaring an index using both "index: true" and "schema.index()". Please remove the duplicate index definition.
2026-02-10 04:47:41: (node:3164) [MONGOOSE] Warning: Duplicate schema index on {"phone":1} found. This is often due to declaring an index using both "index: true" and "schema.index()". Please remove the duplicate index definition.
(Use `node --trace-warnings ...` to show where the warning was created)
2026-02-10 04:47:41: (node:31200) [MONGOOSE] Warning: Duplicate schema index on {"parentId":1} found. This is often due to declaring an index using both "index: true" and "schema.index()". Please remove the duplicate index definition.
2026-02-10 04:47:41: (node:31200) [MONGOOSE] Warning: Duplicate schema index on {"parentId":1} found. This is often due to declaring an index using both "index: true" and "schema.index()". Please remove the duplicate index definition.
2026-02-10 04:47:41: (node:31200) [MONGOOSE] Warning: Duplicate schema index on {"userId":1} found. This is often due to declaring an index using both "index: true" and "schema.index()". Please remove the duplicate index definition.
2026-02-10 04:47:41: (node:31200) [MONGOOSE] Warning: Duplicate schema index on {"familyCode":1} found. This is often due to declaring an index using both "index: true" and "schema.index()". Please remove the duplicate index definition.
2026-02-10 04:47:41: (node:31200) [MONGOOSE] Warning: Duplicate schema index on {"deviceId":1} found. This is often due to declaring an index using both "index: true" and "schema.index()". Please remove the duplicate index definition.
2026-02-10 04:47:41: (node:31200) [MONGOOSE] Warning: Duplicate schema index on {"userId":1} found. This is often due to declaring an index using both "index: true" and "schema.index()". Please remove the duplicate index definition.
2026-02-10 04:47:41: (node:31200) [MONGOOSE] Warning: Duplicate schema index on {"endDate":1} found. This is often due to declaring an index using both "index: true" and "schema.index()". Please remove the duplicate index definition.
2026-02-10 04:47:41: (node:31200) [MONGOOSE] Warning: Duplicate schema index on {"category":1} found. This is often due to declaring an index using both "index: true" and "schema.index()". Please remove the duplicate index definition.
2026-02-10 04:47:42: (node:21940) [MONGOOSE] Warning: Duplicate schema index on {"phone":1} found. This is often due to declaring an index using both "index: true" and "schema.index()". Please remove the duplicate index definition.
(Use `node --trace-warnings ...` to show where the warning was created)
2026-02-10 04:47:41: (node:3164) [MONGOOSE] Warning: Duplicate schema index on {"parentId":1} found. This is often due to declaring an index using both "index: true" and "schema.index()". Please remove the duplicate index definition.
2026-02-10 04:47:41: (node:3164) [MONGOOSE] Warning: Duplicate schema index on {"parentId":1} found. This is often due to declaring an index using both "index: true" and "schema.index()". Please remove the duplicate index definition.
2026-02-10 04:47:41: (node:3164) [MONGOOSE] Warning: Duplicate schema index on {"userId":1} found. This is often due to declaring an index using both "index: true" and "schema.index()". Please remove the duplicate index definition.
2026-02-10 04:47:41: (node:3164) [MONGOOSE] Warning: Duplicate schema index on {"familyCode":1} found. This is often due to declaring an index using both "index: true" and "schema.index()". Please remove the duplicate index definition.
2026-02-10 04:47:41: (node:3164) [MONGOOSE] Warning: Duplicate schema index on {"deviceId":1} found. This is often due to declaring an index using both "index: true" and "schema.index()". Please remove the duplicate index definition.
2026-02-10 04:47:41: (node:3164) [MONGOOSE] Warning: Duplicate schema index on {"userId":1} found. This is often due to declaring an index using both "index: true" and "schema.index()". Please remove the duplicate index definition.
2026-02-10 04:47:41: (node:3164) [MONGOOSE] Warning: Duplicate schema index on {"endDate":1} found. This is often due to declaring an index using both "index: true" and "schema.index()". Please remove the duplicate index definition.
2026-02-10 04:47:41: (node:3164) [MONGOOSE] Warning: Duplicate schema index on {"category":1} found. This is often due to declaring an index using both "index: true" and "schema.index()". Please remove the duplicate index definition.
2026-02-10 04:47:42: (node:32816) [MONGOOSE] Warning: Duplicate schema index on {"phone":1} found. This is often due to declaring an index using both "index: true" and "schema.index()". Please remove the duplicate index definition.
(Use `node --trace-warnings ...` to show where the warning was created)
2026-02-10 04:47:42: (node:21940) [MONGOOSE] Warning: Duplicate schema index on {"parentId":1} found. This is often due to declaring an index using both "index: true" and "schema.index()". Please remove the duplicate index definition.
2026-02-10 04:47:42: (node:21940) [MONGOOSE] Warning: Duplicate schema index on {"parentId":1} found. This is often due to declaring an index using both "index: true" and "schema.index()". Please remove the duplicate index definition.
2026-02-10 04:47:42: (node:21940) [MONGOOSE] Warning: Duplicate schema index on {"userId":1} found. This is often due to declaring an index using both "index: true" and "schema.index()". Please remove the duplicate index definition.
2026-02-10 04:47:42: (node:21940) [MONGOOSE] Warning: Duplicate schema index on {"familyCode":1} found. This is often due to declaring an index using both "index: true" and "schema.index()". Please remove the duplicate index definition.
2026-02-10 04:47:42: (node:21940) [MONGOOSE] Warning: Duplicate schema index on {"deviceId":1} found. This is often due to declaring an index using both "index: true" and "schema.index()". Please remove the duplicate index definition.
2026-02-10 04:47:42: (node:21940) [MONGOOSE] Warning: Duplicate schema index on {"userId":1} found. This is often due to declaring an index using both "index: true" and "schema.index()". Please remove the duplicate index definition.
2026-02-10 04:47:42: (node:21940) [MONGOOSE] Warning: Duplicate schema index on {"endDate":1} found. This is often due to declaring an index using both "index: true" and "schema.index()". Please remove the duplicate index definition.
2026-02-10 04:47:42: (node:21940) [MONGOOSE] Warning: Duplicate schema index on {"category":1} found. This is often due to declaring an index using both "index: true" and "schema.index()". Please remove the duplicate index definition.
2026-02-10 04:47:42: (node:34224) [MONGOOSE] Warning: Duplicate schema index on {"phone":1} found. This is often due to declaring an index using both "index: true" and "schema.index()". Please remove the duplicate index definition.
(Use `node --trace-warnings ...` to show where the warning was created)
2026-02-10 04:47:42: (node:32816) [MONGOOSE] Warning: Duplicate schema index on {"parentId":1} found. This is often due to declaring an index using both "index: true" and "schema.index()". Please remove the duplicate index definition.
2026-02-10 04:47:42: (node:32816) [MONGOOSE] Warning: Duplicate schema index on {"parentId":1} found. This is often due to declaring an index using both "index: true" and "schema.index()". Please remove the duplicate index definition.
2026-02-10 04:47:42: (node:32816) [MONGOOSE] Warning: Duplicate schema index on {"userId":1} found. This is often due to declaring an index using both "index: true" and "schema.index()". Please remove the duplicate index definition.
2026-02-10 04:47:42: (node:32816) [MONGOOSE] Warning: Duplicate schema index on {"familyCode":1} found. This is often due to declaring an index using both "index: true" and "schema.index()". Please remove the duplicate index definition.
2026-02-10 04:47:42: (node:32816) [MONGOOSE] Warning: Duplicate schema index on {"deviceId":1} found. This is often due to declaring an index using both "index: true" and "schema.index()". Please remove the duplicate index definition.
2026-02-10 04:47:42: (node:32816) [MONGOOSE] Warning: Duplicate schema index on {"userId":1} found. This is often due to declaring an index using both "index: true" and "schema.index()". Please remove the duplicate index definition.
2026-02-10 04:47:42: (node:32816) [MONGOOSE] Warning: Duplicate schema index on {"endDate":1} found. This is often due to declaring an index using both "index: true" and "schema.index()". Please remove the duplicate index definition.
2026-02-10 04:47:42: (node:32816) [MONGOOSE] Warning: Duplicate schema index on {"category":1} found. This is often due to declaring an index using both "index: true" and "schema.index()". Please remove the duplicate index definition.
2026-02-10 04:47:42: (node:19672) [MONGOOSE] Warning: Duplicate schema index on {"phone":1} found. This is often due to declaring an index using both "index: true" and "schema.index()". Please remove the duplicate index definition.
(Use `node --trace-warnings ...` to show where the warning was created)
2026-02-10 04:47:42: (node:34224) [MONGOOSE] Warning: Duplicate schema index on {"parentId":1} found. This is often due to declaring an index using both "index: true" and "schema.index()". Please remove the duplicate index definition.
2026-02-10 04:47:42: (node:34224) [MONGOOSE] Warning: Duplicate schema index on {"parentId":1} found. This is often due to declaring an index using both "index: true" and "schema.index()". Please remove the duplicate index definition.
2026-02-10 04:47:42: (node:34224) [MONGOOSE] Warning: Duplicate schema index on {"userId":1} found. This is often due to declaring an index using both "index: true" and "schema.index()". Please remove the duplicate index definition.
2026-02-10 04:47:42: (node:34224) [MONGOOSE] Warning: Duplicate schema index on {"familyCode":1} found. This is often due to declaring an index using both "index: true" and "schema.index()". Please remove the duplicate index definition.
2026-02-10 04:47:42: (node:34224) [MONGOOSE] Warning: Duplicate schema index on {"deviceId":1} found. This is often due to declaring an index using both "index: true" and "schema.index()". Please remove the duplicate index definition.
2026-02-10 04:47:42: (node:34224) [MONGOOSE] Warning: Duplicate schema index on {"userId":1} found. This is often due to declaring an index using both "index: true" and "schema.index()". Please remove the duplicate index definition.
2026-02-10 04:47:42: (node:34224) [MONGOOSE] Warning: Duplicate schema index on {"endDate":1} found. This is often due to declaring an index using both "index: true" and "schema.index()". Please remove the duplicate index definition.
2026-02-10 04:47:42: (node:34224) [MONGOOSE] Warning: Duplicate schema index on {"category":1} found. This is often due to declaring an index using both "index: true" and "schema.index()". Please remove the duplicate index definition.
2026-02-10 04:47:42: (node:40420) [MONGOOSE] Warning: Duplicate schema index on {"phone":1} found. This is often due to declaring an index using both "index: true" and "schema.index()". Please remove the duplicate index definition.
(Use `node --trace-warnings ...` to show where the warning was created)
2026-02-10 04:47:42: (node:19672) [MONGOOSE] Warning: Duplicate schema index on {"parentId":1} found. This is often due to declaring an index using both "index: true" and "schema.index()". Please remove the duplicate index definition.
2026-02-10 04:47:42: (node:19672) [MONGOOSE] Warning: Duplicate schema index on {"parentId":1} found. This is often due to declaring an index using both "index: true" and "schema.index()". Please remove the duplicate index definition.
2026-02-10 04:47:42: (node:19672) [MONGOOSE] Warning: Duplicate schema index on {"userId":1} found. This is often due to declaring an index using both "index: true" and "schema.index()". Please remove the duplicate index definition.
2026-02-10 04:47:42: (node:19672) [MONGOOSE] Warning: Duplicate schema index on {"familyCode":1} found. This is often due to declaring an index using both "index: true" and "schema.index()". Please remove the duplicate index definition.
2026-02-10 04:47:42: (node:19672) [MONGOOSE] Warning: Duplicate schema index on {"deviceId":1} found. This is often due to declaring an index using both "index: true" and "schema.index()". Please remove the duplicate index definition.
2026-02-10 04:47:42: (node:19672) [MONGOOSE] Warning: Duplicate schema index on {"userId":1} found. This is often due to declaring an index using both "index: true" and "schema.index()". Please remove the duplicate index definition.
2026-02-10 04:47:42: (node:19672) [MONGOOSE] Warning: Duplicate schema index on {"endDate":1} found. This is often due to declaring an index using both "index: true" and "schema.index()". Please remove the duplicate index definition.
2026-02-10 04:47:42: (node:19672) [MONGOOSE] Warning: Duplicate schema index on {"category":1} found. This is often due to declaring an index using both "index: true" and "schema.index()". Please remove the duplicate index definition.
2026-02-10 04:47:42: (node:40420) [MONGOOSE] Warning: Duplicate schema index on {"parentId":1} found. This is often due to declaring an index using both "index: true" and "schema.index()". Please remove the duplicate index definition.
2026-02-10 04:47:42: (node:40420) [MONGOOSE] Warning: Duplicate schema index on {"parentId":1} found. This is often due to declaring an index using both "index: true" and "schema.index()". Please remove the duplicate index definition.
2026-02-10 04:47:42: (node:40420) [MONGOOSE] Warning: Duplicate schema index on {"userId":1} found. This is often due to declaring an index using both "index: true" and "schema.index()". Please remove the duplicate index definition.
2026-02-10 04:47:42: (node:40420) [MONGOOSE] Warning: Duplicate schema index on {"familyCode":1} found. This is often due to declaring an index using both "index: true" and "schema.index()". Please remove the duplicate index definition.
2026-02-10 04:47:42: (node:40420) [MONGOOSE] Warning: Duplicate schema index on {"deviceId":1} found. This is often due to declaring an index using both "index: true" and "schema.index()". Please remove the duplicate index definition.
2026-02-10 04:47:42: (node:40420) [MONGOOSE] Warning: Duplicate schema index on {"userId":1} found. This is often due to declaring an index using both "index: true" and "schema.index()". Please remove the duplicate index definition.
2026-02-10 04:47:42: (node:40420) [MONGOOSE] Warning: Duplicate schema index on {"endDate":1} found. This is often due to declaring an index using both "index: true" and "schema.index()". Please remove the duplicate index definition.
2026-02-10 04:47:42: (node:40420) [MONGOOSE] Warning: Duplicate schema index on {"category":1} found. This is often due to declaring an index using both "index: true" and "schema.index()". Please remove the duplicate index definition.
